// Jest Snapshot v1, https://goo.gl/fbAQLP

exports[`Testing List Carousel Item Component should match the Fallback component snapshot 1`] = `
<View
  style={
    Array [
      Object {
        "marginBottom": 22,
        "marginLeft": 22,
        "marginRight": 22,
        "marginTop": 22,
      },
    ]
  }
>
  <View
    style={
      Array [
        Object {
          "alignItems": "center",
        },
      ]
    }
  >
    <View
      style={
        Array [
          Object {
            "overflow": "hidden",
          },
          Array [
            Object {
              "borderTopLeftRadius": 11,
              "borderTopRightRadius": 11,
              "height": 326,
              "resizeMode": "contain",
              "width": 417,
            },
          ],
        ]
      }
    >
      <FastImageView
        onFastImageLoadEnd={[Function]}
        resizeMode="cover"
        source={
          Object {
            "testUri": "../../../assets/loading.png",
          }
        }
        style={
          Object {
            "bottom": 0,
            "left": 0,
            "position": "absolute",
            "right": 0,
            "top": 0,
          }
        }
        testID="LIST_CAROUSEL_ITEM_IMAGE_SRC"
      />
    </View>
    <View
      style={
        Array [
          Object {
            "alignItems": "center",
            "backgroundColor": "rgba(12, 12, 12, 0.5)",
            "borderTopLeftRadius": 30,
            "bottom": 0,
            "height": 145,
            "justifyContent": "center",
            "paddingBottom": 15,
            "paddingLeft": 15,
            "paddingRight": 15,
            "paddingTop": 15,
            "position": "absolute",
            "width": "100%",
          },
        ]
      }
    >
      <Text
        style={
          Array [
            Object {
              "color": "#ffffff",
              "fontSize": 18,
              "fontWeight": "bold",
            },
          ]
        }
        testID="LIST_CAROUSEL_ITEM_TITLE"
      >
        Test
      </Text>
    </View>
  </View>
  <View
    style={
      Array [
        Object {
          "alignItems": "center",
          "backgroundColor": "#27245E",
          "justifyContent": "center",
          "paddingVertical": 7,
        },
      ]
    }
  >
    <Text
      style={
        Array [
          Object {
            "color": "#ffffff",
            "fontSize": 18,
            "fontWeight": "bold",
          },
        ]
      }
      testID="LIST_CAROUSEL_ITEM_ARTIST_TEXT"
    >
      Robert
    </Text>
    <Text
      style={
        Array [
          Object {
            "color": "#ffffff",
            "fontSize": 18,
            "fontWeight": "bold",
          },
        ]
      }
      testID="LIST_CAROUSEL_ITEM_RELEASE_DATE"
    >
      28 May, 2022
    </Text>
  </View>
</View>
`;
